# Few results of Pcg.xsh_rs with seed 0x2A
1 - 0x00000000DEBFF77F
2 - 0x0000000054B00B9C
3 - 0x00000000DED17109
4 - 0x00000000383D10FA
5 - 0x00000000B7D5E650
6 - 0x00000000D8C19FA9
7 - 0x000000007300E1B7
